<?xml version="1.0" encoding="UTF-8"?>
<TestRun id="317956cd-c273-4c8c-a322-2ef87c5040ee" name="Administrator@ISEC08 2014-05-28 16:14:09" runUser="ISEC08\Administrator" xmlns="http://microsoft.com/schemas/VisualStudio/TeamTest/2010">
  <TestSettings name="Local" id="e1853de3-f115-46b6-a1a5-8c99ab8e039a">
    <Description>These are default test settings for a local test run.</Description>
    <Deployment enabled="false" runDeploymentRoot="Administrator_ISEC08 2014-05-28 16_14_09">
      <DeploymentItem filename="C:\Users\Administrator\Documents\Sorting Program\Sorting Program\bin\Debug\Sorting Program.exe" />
    </Deployment>
    <Execution>
      <TestTypeSpecific />
      <AgentRule name="Execution Agents">
      </AgentRule>
    </Execution>
  </TestSettings>
  <Times creation="2014-05-28T16:14:09.0341755-05:00" queuing="2014-05-28T16:14:09.2651887-05:00" start="2014-05-28T16:14:09.2841898-05:00" finish="2014-05-28T16:14:10.4282552-05:00" />
  <ResultSummary outcome="Failed">
    <Counters total="11" executed="11" passed="4" error="0" failed="2" timeout="0" aborted="0" inconclusive="5" passedButRunAborted="0" notRunnable="0" notExecuted="0" disconnected="0" warning="0" completed="0" inProgress="0" pending="0" />
    <RunInfos>
      <RunInfo computerName="ISEC08" outcome="Warning" timestamp="2014-05-28T16:14:09.2641886-05:00">
        <Text>Deployment is currently disabled. The deployment item 'Sorting Program.exe' on test 'TestProject1.frmMainTest.insertionSortTest' was not deployed.</Text>
      </RunInfo>
      <RunInfo computerName="ISEC08" outcome="Warning" timestamp="2014-05-28T16:14:09.2651887-05:00">
        <Text>Deployment is currently disabled. The deployment item 'Sorting Program.exe' on test 'TestProject2.frmMainTest.insertionSortTest1' was not deployed.</Text>
      </RunInfo>
      <RunInfo computerName="ISEC08" outcome="Warning" timestamp="2014-05-28T16:14:09.2651887-05:00">
        <Text>Deployment is currently disabled. The deployment item 'Sorting Program.exe' on test 'InsertionSortTest.frmMainTest.insertionSortTest1' was not deployed.</Text>
      </RunInfo>
      <RunInfo computerName="ISEC08" outcome="Warning" timestamp="2014-05-28T16:14:09.2651887-05:00">
        <Text>Deployment is currently disabled. The deployment item 'Sorting Program.exe' on test 'MainTestProject.MainTestFile.insertionSortTest1' was not deployed.</Text>
      </RunInfo>
      <RunInfo computerName="ISEC08" outcome="Warning" timestamp="2014-05-28T16:14:09.2651887-05:00">
        <Text>Deployment is currently disabled. The deployment item 'Sorting Program.exe' on test 'Insertion_test.frmMainTest.insertionSortTest' was not deployed.</Text>
      </RunInfo>
    </RunInfos>
  </ResultSummary>
  <TestDefinitions>
    <UnitTest name="insertionSortTest" storage="c:\users\administrator\documents\sorting program\testproject1\bin\debug\testproject1.dll" id="665b1d05-aad7-e39e-09f2-ab8eb3e8b9d6">
      <DeploymentItems>
        <DeploymentItem filename="Sorting Program.exe" />
      </DeploymentItems>
      <Execution id="72952d71-e31f-48a5-97f9-131f4bd93403" />
      <TestMethod codeBase="C:/Users/Administrator/Documents/Sorting Program/TestProject1/bin/Debug/TestProject1.DLL" adapterTypeName="Microsoft.VisualStudio.TestTools.TestTypes.Unit.UnitTestAdapter, Microsoft.VisualStudio.QualityTools.Tips.UnitTest.Adapter, Version=10.0.0.0, Culture=neutral, PublicKeyToken=b03f5f7f11d50a3a" className="TestProject1.frmMainTest, TestProject1, Version=1.0.0.0, Culture=neutral, PublicKeyToken=null" name="insertionSortTest" />
    </UnitTest>
    <UnitTest name="insertionSortTest1" storage="c:\users\administrator\documents\sorting program\testproject2\bin\debug\testproject2.dll" id="a6c5f3f1-fddc-9a81-b732-e55385d8ab7e">
      <DeploymentItems>
        <DeploymentItem filename="Sorting Program.exe" />
      </DeploymentItems>
      <Execution id="60cad2a2-428a-426a-a7fc-e1b6e92dff27" />
      <TestMethod codeBase="C:/Users/Administrator/Documents/Sorting Program/TestProject2/bin/Debug/TestProject2.DLL" adapterTypeName="Microsoft.VisualStudio.TestTools.TestTypes.Unit.UnitTestAdapter, Microsoft.VisualStudio.QualityTools.Tips.UnitTest.Adapter, Version=10.0.0.0, Culture=neutral, PublicKeyToken=b03f5f7f11d50a3a" className="TestProject2.frmMainTest, TestProject2, Version=1.0.0.0, Culture=neutral, PublicKeyToken=null" name="insertionSortTest1" />
    </UnitTest>
    <UnitTest name="bubbleSortTest" storage="c:\users\administrator\documents\sorting program\testproject1\bin\debug\testproject1.dll" id="b05fb432-faf9-eab1-be1c-8e8be051e1b3">
      <DeploymentItems>
        <DeploymentItem filename="Sorting Program.exe" />
      </DeploymentItems>
      <Execution id="c78dd275-2fca-4eb5-bb8d-8636307f805a" />
      <TestMethod codeBase="C:/Users/Administrator/Documents/Sorting Program/TestProject1/bin/Debug/TestProject1.DLL" adapterTypeName="Microsoft.VisualStudio.TestTools.TestTypes.Unit.UnitTestAdapter, Microsoft.VisualStudio.QualityTools.Tips.UnitTest.Adapter, Version=10.0.0.0, Culture=neutral, PublicKeyToken=b03f5f7f11d50a3a" className="TestProject1.frmMainTest, TestProject1, Version=1.0.0.0, Culture=neutral, PublicKeyToken=null" name="bubbleSortTest" />
    </UnitTest>
    <UnitTest name="insertionSortTest1" storage="c:\users\administrator\documents\sorting program\insertionsorttest\bin\debug\insertionsorttest.dll" id="fb548ae7-d8d7-5664-21a5-a8341f5feda7">
      <DeploymentItems>
        <DeploymentItem filename="Sorting Program.exe" />
      </DeploymentItems>
      <Execution id="c47f73d9-d7c2-4e5a-ac98-712c399f7b75" />
      <TestMethod codeBase="C:/Users/Administrator/Documents/Sorting Program/InsertionSortTest/bin/Debug/InsertionSortTest.DLL" adapterTypeName="Microsoft.VisualStudio.TestTools.TestTypes.Unit.UnitTestAdapter, Microsoft.VisualStudio.QualityTools.Tips.UnitTest.Adapter, Version=10.0.0.0, Culture=neutral, PublicKeyToken=b03f5f7f11d50a3a" className="InsertionSortTest.frmMainTest, InsertionSortTest, Version=1.0.0.0, Culture=neutral, PublicKeyToken=null" name="insertionSortTest1" />
    </UnitTest>
    <UnitTest name="insertionSortTest1" storage="c:\users\administrator\documents\sorting program\maintestproject\bin\debug\maintestproject.dll" id="4a624652-968e-c04f-4eb4-48c87e0d958c">
      <DeploymentItems>
        <DeploymentItem filename="Sorting Program.exe" />
      </DeploymentItems>
      <Execution id="9ed5839f-6999-42c4-9ee2-c2b889bbb870" />
      <TestMethod codeBase="C:/Users/Administrator/Documents/Sorting Program/MainTestProject/bin/Debug/MainTestProject.DLL" adapterTypeName="Microsoft.VisualStudio.TestTools.TestTypes.Unit.UnitTestAdapter, Microsoft.VisualStudio.QualityTools.Tips.UnitTest.Adapter, Version=10.0.0.0, Culture=neutral, PublicKeyToken=b03f5f7f11d50a3a" className="MainTestProject.MainTestFile, MainTestProject, Version=1.0.0.0, Culture=neutral, PublicKeyToken=null" name="insertionSortTest1" />
    </UnitTest>
    <UnitTest name="insertionSortTest" storage="c:\users\administrator\documents\sorting program\insertion test\bin\debug\insertion test.dll" id="50134e62-164d-bdbf-e88a-4c1e79f1c788">
      <DeploymentItems>
        <DeploymentItem filename="Sorting Program.exe" />
      </DeploymentItems>
      <Execution id="60c2e33d-9e55-4fd1-a8b1-3ce54b36b8c2" />
      <TestMethod codeBase="C:/Users/Administrator/Documents/Sorting Program/Insertion test/bin/Debug/Insertion test.DLL" adapterTypeName="Microsoft.VisualStudio.TestTools.TestTypes.Unit.UnitTestAdapter, Microsoft.VisualStudio.QualityTools.Tips.UnitTest.Adapter, Version=10.0.0.0, Culture=neutral, PublicKeyToken=b03f5f7f11d50a3a" className="Insertion_test.frmMainTest, Insertion test, Version=1.0.0.0, Culture=neutral, PublicKeyToken=null" name="insertionSortTest" />
    </UnitTest>
    <UnitTest name="shellSortTest" storage="c:\users\administrator\documents\sorting program\testproject2\bin\debug\testproject2.dll" id="e624d993-b80e-eb27-b6a2-00fcaf8c2e76">
      <DeploymentItems>
        <DeploymentItem filename="Sorting Program.exe" />
      </DeploymentItems>
      <Execution id="f0b643cf-22d9-41e8-ab61-64e95de3f4fc" />
      <TestMethod codeBase="C:/Users/Administrator/Documents/Sorting Program/TestProject2/bin/Debug/TestProject2.DLL" adapterTypeName="Microsoft.VisualStudio.TestTools.TestTypes.Unit.UnitTestAdapter, Microsoft.VisualStudio.QualityTools.Tips.UnitTest.Adapter, Version=10.0.0.0, Culture=neutral, PublicKeyToken=b03f5f7f11d50a3a" className="TestProject2.frmMainTest, TestProject2, Version=1.0.0.0, Culture=neutral, PublicKeyToken=null" name="shellSortTest" />
    </UnitTest>
    <UnitTest name="bubbleSortTest" storage="c:\users\administrator\documents\sorting program\testproject2\bin\debug\testproject2.dll" id="1f83fbe2-8c7e-a02a-748b-4a8a62637270">
      <DeploymentItems>
        <DeploymentItem filename="Sorting Program.exe" />
      </DeploymentItems>
      <Execution id="303d888e-3c76-4fc8-8aba-92679751ab34" />
      <TestMethod codeBase="C:/Users/Administrator/Documents/Sorting Program/TestProject2/bin/Debug/TestProject2.DLL" adapterTypeName="Microsoft.VisualStudio.TestTools.TestTypes.Unit.UnitTestAdapter, Microsoft.VisualStudio.QualityTools.Tips.UnitTest.Adapter, Version=10.0.0.0, Culture=neutral, PublicKeyToken=b03f5f7f11d50a3a" className="TestProject2.frmMainTest, TestProject2, Version=1.0.0.0, Culture=neutral, PublicKeyToken=null" name="bubbleSortTest" />
    </UnitTest>
    <UnitTest name="insertionSortTest1" storage="c:\users\administrator\documents\sorting program\testproject1\bin\debug\testproject1.dll" id="82e299b6-dcfd-1403-6f69-39ac958abab4">
      <DeploymentItems>
        <DeploymentItem filename="Sorting Program.exe" />
      </DeploymentItems>
      <Execution id="b843557d-665f-4de9-b04b-9893d839c945" />
      <TestMethod codeBase="C:/Users/Administrator/Documents/Sorting Program/TestProject1/bin/Debug/TestProject1.DLL" adapterTypeName="Microsoft.VisualStudio.TestTools.TestTypes.Unit.UnitTestAdapter, Microsoft.VisualStudio.QualityTools.Tips.UnitTest.Adapter, Version=10.0.0.0, Culture=neutral, PublicKeyToken=b03f5f7f11d50a3a" className="TestProject1.frmMainTest, TestProject1, Version=1.0.0.0, Culture=neutral, PublicKeyToken=null" name="insertionSortTest1" />
    </UnitTest>
    <UnitTest name="TestMethod1" storage="c:\users\administrator\documents\sorting program\insertionsorttestall\bin\debug\insertionsorttestall.dll" id="2c641636-4ee6-76cc-7137-237720bef778">
      <Execution id="5dfa18c2-deb8-4420-a70c-f2d756eb5c83" />
      <TestMethod codeBase="C:/Users/Administrator/Documents/Sorting Program/InsertionSortTestAll/bin/Debug/InsertionSortTestAll.DLL" adapterTypeName="Microsoft.VisualStudio.TestTools.TestTypes.Unit.UnitTestAdapter, Microsoft.VisualStudio.QualityTools.Tips.UnitTest.Adapter, Version=10.0.0.0, Culture=neutral, PublicKeyToken=b03f5f7f11d50a3a" className="InsertionSortTestAll.InsertionTest, InsertionSortTestAll, Version=1.0.0.0, Culture=neutral, PublicKeyToken=null" name="TestMethod1" />
    </UnitTest>
    <UnitTest name="shellSortTest" storage="c:\users\administrator\documents\sorting program\testproject1\bin\debug\testproject1.dll" id="6699ec6e-034f-3a6b-955d-04f571fad37f">
      <DeploymentItems>
        <DeploymentItem filename="Sorting Program.exe" />
      </DeploymentItems>
      <Execution id="2a447669-e38c-406b-a462-2e8b3b2e53e7" />
      <TestMethod codeBase="C:/Users/Administrator/Documents/Sorting Program/TestProject1/bin/Debug/TestProject1.DLL" adapterTypeName="Microsoft.VisualStudio.TestTools.TestTypes.Unit.UnitTestAdapter, Microsoft.VisualStudio.QualityTools.Tips.UnitTest.Adapter, Version=10.0.0.0, Culture=neutral, PublicKeyToken=b03f5f7f11d50a3a" className="TestProject1.frmMainTest, TestProject1, Version=1.0.0.0, Culture=neutral, PublicKeyToken=null" name="shellSortTest" />
    </UnitTest>
  </TestDefinitions>
  <TestLists>
    <TestList name="Results Not in a List" id="8c84fa94-04c1-424b-9868-57a2d4851a1d" />
    <TestList name="All Loaded Results" id="19431567-8539-422a-85d7-44ee4e166bda" />
  </TestLists>
  <TestEntries>
    <TestEntry testId="1f83fbe2-8c7e-a02a-748b-4a8a62637270" executionId="303d888e-3c76-4fc8-8aba-92679751ab34" testListId="8c84fa94-04c1-424b-9868-57a2d4851a1d" />
    <TestEntry testId="2c641636-4ee6-76cc-7137-237720bef778" executionId="5dfa18c2-deb8-4420-a70c-f2d756eb5c83" testListId="8c84fa94-04c1-424b-9868-57a2d4851a1d" />
    <TestEntry testId="4a624652-968e-c04f-4eb4-48c87e0d958c" executionId="9ed5839f-6999-42c4-9ee2-c2b889bbb870" testListId="8c84fa94-04c1-424b-9868-57a2d4851a1d" />
    <TestEntry testId="50134e62-164d-bdbf-e88a-4c1e79f1c788" executionId="60c2e33d-9e55-4fd1-a8b1-3ce54b36b8c2" testListId="8c84fa94-04c1-424b-9868-57a2d4851a1d" />
    <TestEntry testId="665b1d05-aad7-e39e-09f2-ab8eb3e8b9d6" executionId="72952d71-e31f-48a5-97f9-131f4bd93403" testListId="8c84fa94-04c1-424b-9868-57a2d4851a1d" />
    <TestEntry testId="6699ec6e-034f-3a6b-955d-04f571fad37f" executionId="2a447669-e38c-406b-a462-2e8b3b2e53e7" testListId="8c84fa94-04c1-424b-9868-57a2d4851a1d" />
    <TestEntry testId="82e299b6-dcfd-1403-6f69-39ac958abab4" executionId="b843557d-665f-4de9-b04b-9893d839c945" testListId="8c84fa94-04c1-424b-9868-57a2d4851a1d" />
    <TestEntry testId="a6c5f3f1-fddc-9a81-b732-e55385d8ab7e" executionId="60cad2a2-428a-426a-a7fc-e1b6e92dff27" testListId="8c84fa94-04c1-424b-9868-57a2d4851a1d" />
    <TestEntry testId="b05fb432-faf9-eab1-be1c-8e8be051e1b3" executionId="c78dd275-2fca-4eb5-bb8d-8636307f805a" testListId="8c84fa94-04c1-424b-9868-57a2d4851a1d" />
    <TestEntry testId="e624d993-b80e-eb27-b6a2-00fcaf8c2e76" executionId="f0b643cf-22d9-41e8-ab61-64e95de3f4fc" testListId="8c84fa94-04c1-424b-9868-57a2d4851a1d" />
    <TestEntry testId="fb548ae7-d8d7-5664-21a5-a8341f5feda7" executionId="c47f73d9-d7c2-4e5a-ac98-712c399f7b75" testListId="8c84fa94-04c1-424b-9868-57a2d4851a1d" />
  </TestEntries>
  <Results>
    <UnitTestResult executionId="303d888e-3c76-4fc8-8aba-92679751ab34" testId="1f83fbe2-8c7e-a02a-748b-4a8a62637270" testName="bubbleSortTest" computerName="ISEC08" duration="00:00:00.0198746" startTime="2014-05-28T16:14:09.2911902-05:00" endTime="2014-05-28T16:14:09.4591998-05:00" testType="13cdc9d9-ddb5-4fa4-a97d-d965ccfc6d4b" outcome="Passed" testListId="8c84fa94-04c1-424b-9868-57a2d4851a1d" relativeResultsDirectory="303d888e-3c76-4fc8-8aba-92679751ab34">
    </UnitTestResult>
    <UnitTestResult executionId="5dfa18c2-deb8-4420-a70c-f2d756eb5c83" testId="2c641636-4ee6-76cc-7137-237720bef778" testName="TestMethod1" computerName="ISEC08" duration="00:00:00.0094862" startTime="2014-05-28T16:14:09.4601998-05:00" endTime="2014-05-28T16:14:09.6092083-05:00" testType="13cdc9d9-ddb5-4fa4-a97d-d965ccfc6d4b" outcome="Passed" testListId="8c84fa94-04c1-424b-9868-57a2d4851a1d" relativeResultsDirectory="5dfa18c2-deb8-4420-a70c-f2d756eb5c83">
    </UnitTestResult>
    <UnitTestResult executionId="9ed5839f-6999-42c4-9ee2-c2b889bbb870" testId="4a624652-968e-c04f-4eb4-48c87e0d958c" testName="insertionSortTest1" computerName="ISEC08" duration="00:00:00.0199977" startTime="2014-05-28T16:14:09.6102084-05:00" endTime="2014-05-28T16:14:09.7672174-05:00" testType="13cdc9d9-ddb5-4fa4-a97d-d965ccfc6d4b" outcome="Passed" testListId="8c84fa94-04c1-424b-9868-57a2d4851a1d" relativeResultsDirectory="9ed5839f-6999-42c4-9ee2-c2b889bbb870">
    </UnitTestResult>
    <UnitTestResult executionId="60c2e33d-9e55-4fd1-a8b1-3ce54b36b8c2" testId="50134e62-164d-bdbf-e88a-4c1e79f1c788" testName="insertionSortTest" computerName="ISEC08" duration="00:00:00.0232214" startTime="2014-05-28T16:14:09.7682174-05:00" endTime="2014-05-28T16:14:09.9302267-05:00" testType="13cdc9d9-ddb5-4fa4-a97d-d965ccfc6d4b" outcome="Inconclusive" testListId="8c84fa94-04c1-424b-9868-57a2d4851a1d" relativeResultsDirectory="60c2e33d-9e55-4fd1-a8b1-3ce54b36b8c2">
      <Output>
        <ErrorInfo>
          <Message>Assert.Inconclusive failed. Verify the correctness of this test method.</Message>
          <StackTrace>   at Insertion_test.frmMainTest.insertionSortTest() in C:\Users\Administrator\Documents\Sorting Program\Insertion test\frmMainTest.cs:line 83
</StackTrace>
        </ErrorInfo>
      </Output>
    </UnitTestResult>
    <UnitTestResult executionId="72952d71-e31f-48a5-97f9-131f4bd93403" testId="665b1d05-aad7-e39e-09f2-ab8eb3e8b9d6" testName="insertionSortTest" computerName="ISEC08" duration="00:00:00.0234033" startTime="2014-05-28T16:14:09.9312268-05:00" endTime="2014-05-28T16:14:10.0952361-05:00" testType="13cdc9d9-ddb5-4fa4-a97d-d965ccfc6d4b" outcome="Inconclusive" testListId="8c84fa94-04c1-424b-9868-57a2d4851a1d" relativeResultsDirectory="72952d71-e31f-48a5-97f9-131f4bd93403">
      <Output>
        <ErrorInfo>
          <Message>Assert.Inconclusive failed. Verify the correctness of this test method.</Message>
          <StackTrace>   at TestProject1.frmMainTest.insertionSortTest() in C:\Users\Administrator\Documents\Sorting Program\TestProject1\frmMainTest.cs:line 83
</StackTrace>
        </ErrorInfo>
      </Output>
    </UnitTestResult>
    <UnitTestResult executionId="2a447669-e38c-406b-a462-2e8b3b2e53e7" testId="6699ec6e-034f-3a6b-955d-04f571fad37f" testName="shellSortTest" computerName="ISEC08" duration="00:00:00.0031373" startTime="2014-05-28T16:14:10.0962362-05:00" endTime="2014-05-28T16:14:10.1012365-05:00" testType="13cdc9d9-ddb5-4fa4-a97d-d965ccfc6d4b" outcome="Inconclusive" testListId="8c84fa94-04c1-424b-9868-57a2d4851a1d" relativeResultsDirectory="2a447669-e38c-406b-a462-2e8b3b2e53e7">
      <Output>
        <ErrorInfo>
          <Message>Assert.Inconclusive failed. Verify the correctness of this test method.</Message>
          <StackTrace>   at TestProject1.frmMainTest.shellSortTest() in C:\Users\Administrator\Documents\Sorting Program\TestProject1\frmMainTest.cs:line 121
</StackTrace>
        </ErrorInfo>
      </Output>
    </UnitTestResult>
    <UnitTestResult executionId="b843557d-665f-4de9-b04b-9893d839c945" testId="82e299b6-dcfd-1403-6f69-39ac958abab4" testName="insertionSortTest1" computerName="ISEC08" duration="00:00:00.0016937" startTime="2014-05-28T16:14:10.1022365-05:00" endTime="2014-05-28T16:14:10.1052367-05:00" testType="13cdc9d9-ddb5-4fa4-a97d-d965ccfc6d4b" outcome="Inconclusive" testListId="8c84fa94-04c1-424b-9868-57a2d4851a1d" relativeResultsDirectory="b843557d-665f-4de9-b04b-9893d839c945">
      <Output>
        <ErrorInfo>
          <Message>Assert.Inconclusive failed. Verify the correctness of this test method.</Message>
          <StackTrace>   at TestProject1.frmMainTest.insertionSortTest1() in C:\Users\Administrator\Documents\Sorting Program\TestProject1\frmMainTest.cs:line 140
</StackTrace>
        </ErrorInfo>
      </Output>
    </UnitTestResult>
    <UnitTestResult executionId="60cad2a2-428a-426a-a7fc-e1b6e92dff27" testId="a6c5f3f1-fddc-9a81-b732-e55385d8ab7e" testName="insertionSortTest1" computerName="ISEC08" duration="00:00:00.0123312" startTime="2014-05-28T16:14:10.1062368-05:00" endTime="2014-05-28T16:14:10.1202376-05:00" testType="13cdc9d9-ddb5-4fa4-a97d-d965ccfc6d4b" outcome="Failed" testListId="8c84fa94-04c1-424b-9868-57a2d4851a1d" relativeResultsDirectory="60cad2a2-428a-426a-a7fc-e1b6e92dff27">
      <Output>
        <ErrorInfo>
          <Message>Assert.AreEqual failed. Expected:&lt;System.Int32[]&gt;. Actual:&lt;System.Int32[]&gt;. </Message>
          <StackTrace>   at TestProject2.frmMainTest.insertionSortTest1() in C:\Users\Administrator\Documents\Sorting Program\TestProject2\frmMainTest.cs:line 81
</StackTrace>
        </ErrorInfo>
      </Output>
    </UnitTestResult>
    <UnitTestResult executionId="c78dd275-2fca-4eb5-bb8d-8636307f805a" testId="b05fb432-faf9-eab1-be1c-8e8be051e1b3" testName="bubbleSortTest" computerName="ISEC08" duration="00:00:00.0022401" startTime="2014-05-28T16:14:10.1222377-05:00" endTime="2014-05-28T16:14:10.1272380-05:00" testType="13cdc9d9-ddb5-4fa4-a97d-d965ccfc6d4b" outcome="Inconclusive" testListId="8c84fa94-04c1-424b-9868-57a2d4851a1d" relativeResultsDirectory="c78dd275-2fca-4eb5-bb8d-8636307f805a">
      <Output>
        <ErrorInfo>
          <Message>Assert.Inconclusive failed. Verify the correctness of this test method.</Message>
          <StackTrace>   at TestProject1.frmMainTest.bubbleSortTest() in C:\Users\Administrator\Documents\Sorting Program\TestProject1\frmMainTest.cs:line 102
</StackTrace>
        </ErrorInfo>
      </Output>
    </UnitTestResult>
    <UnitTestResult executionId="f0b643cf-22d9-41e8-ab61-64e95de3f4fc" testId="e624d993-b80e-eb27-b6a2-00fcaf8c2e76" testName="shellSortTest" computerName="ISEC08" duration="00:00:00.0021941" startTime="2014-05-28T16:14:10.1282380-05:00" endTime="2014-05-28T16:14:10.1322383-05:00" testType="13cdc9d9-ddb5-4fa4-a97d-d965ccfc6d4b" outcome="Passed" testListId="8c84fa94-04c1-424b-9868-57a2d4851a1d" relativeResultsDirectory="f0b643cf-22d9-41e8-ab61-64e95de3f4fc">
    </UnitTestResult>
    <UnitTestResult executionId="c47f73d9-d7c2-4e5a-ac98-712c399f7b75" testId="fb548ae7-d8d7-5664-21a5-a8341f5feda7" testName="insertionSortTest1" computerName="ISEC08" duration="00:00:00.0297066" startTime="2014-05-28T16:14:10.1332383-05:00" endTime="2014-05-28T16:14:10.2982478-05:00" testType="13cdc9d9-ddb5-4fa4-a97d-d965ccfc6d4b" outcome="Failed" testListId="8c84fa94-04c1-424b-9868-57a2d4851a1d" relativeResultsDirectory="c47f73d9-d7c2-4e5a-ac98-712c399f7b75">
      <Output>
        <ErrorInfo>
          <Message>Assert.AreEqual failed. Expected:&lt;System.Int32[]&gt;. Actual:&lt;System.Int32[]&gt;. </Message>
          <StackTrace>   at InsertionSortTest.frmMainTest.insertionSortTest1() in C:\Users\Administrator\Documents\Sorting Program\InsertionSortTest\frmMainTest.cs:line 80
</StackTrace>
        </ErrorInfo>
      </Output>
    </UnitTestResult>
  </Results>
</TestRun>