<?xml version="1.0" encoding="UTF-8"?>
<TestRun id="549dff72-eb12-41ab-ad34-409753b6ee8b" name="Administrator@ISEC08 2014-05-29 09:05:34" runUser="ISEC08\Administrator" xmlns="http://microsoft.com/schemas/VisualStudio/TeamTest/2010">
  <TestSettings name="Local" id="e1853de3-f115-46b6-a1a5-8c99ab8e039a">
    <Description>These are default test settings for a local test run.</Description>
    <Deployment userDeploymentRoot="C:\Users\Administrator\Documents\Sorting Program\TestResults" useDefaultDeploymentRoot="false" enabled="false" runDeploymentRoot="Administrator_ISEC08 2014-05-29 09_05_34">
      <DeploymentItem filename="C:\Users\Administrator\Documents\Sorting Program\Sorting Program\bin\Debug\Sorting Program.exe" />
    </Deployment>
    <Execution>
      <TestTypeSpecific />
      <AgentRule name="Execution Agents">
      </AgentRule>
    </Execution>
  </TestSettings>
  <Times creation="2014-05-29T09:05:34.4050369-05:00" queuing="2014-05-29T09:05:34.4390388-05:00" start="2014-05-29T09:05:34.4440391-05:00" finish="2014-05-29T09:05:34.6390503-05:00" />
  <ResultSummary outcome="Warning">
    <Counters total="6" executed="6" passed="6" error="0" failed="0" timeout="0" aborted="0" inconclusive="0" passedButRunAborted="0" notRunnable="0" notExecuted="0" disconnected="0" warning="0" completed="0" inProgress="0" pending="0" />
    <RunInfos>
      <RunInfo computerName="ISEC08" outcome="Warning" timestamp="2014-05-29T09:05:34.4380388-05:00">
        <Text>Deployment is currently disabled. The deployment item 'Sorting Program.exe' on test 'MainTestProject.MainTestFile.insertionSortTest2' was not deployed.</Text>
      </RunInfo>
    </RunInfos>
  </ResultSummary>
  <TestDefinitions>
    <UnitTest name="insertionSortTest2" storage="c:\users\administrator\documents\sorting program\maintestproject\bin\debug\maintestproject.dll" id="96d07003-1426-0073-968d-16c58a3479a7">
      <DeploymentItems>
        <DeploymentItem filename="Sorting Program.exe" />
      </DeploymentItems>
      <Execution id="f6ab04a7-7084-47d1-bdf4-ab7f24370460" />
      <TestMethod codeBase="C:/Users/Administrator/Documents/Sorting Program/MainTestProject/bin/Debug/MainTestProject.DLL" adapterTypeName="Microsoft.VisualStudio.TestTools.TestTypes.Unit.UnitTestAdapter, Microsoft.VisualStudio.QualityTools.Tips.UnitTest.Adapter, Version=10.0.0.0, Culture=neutral, PublicKeyToken=b03f5f7f11d50a3a" className="MainTestProject.MainTestFile, MainTestProject, Version=1.0.0.0, Culture=neutral, PublicKeyToken=null" name="insertionSortTest2" />
    </UnitTest>
    <UnitTest name="shellSortTest1" storage="c:\users\administrator\documents\sorting program\maintestproject\bin\debug\maintestproject.dll" id="967d92b9-3e8b-941d-13f5-a706bd3544a4">
      <DeploymentItems>
        <DeploymentItem filename="Sorting Program.exe" />
      </DeploymentItems>
      <Execution id="42006883-43d0-4a59-bc67-a1b4ccd65640" />
      <TestMethod codeBase="C:/Users/Administrator/Documents/Sorting Program/MainTestProject/bin/Debug/MainTestProject.DLL" adapterTypeName="Microsoft.VisualStudio.TestTools.TestTypes.Unit.UnitTestAdapter, Microsoft.VisualStudio.QualityTools.Tips.UnitTest.Adapter, Version=10.0.0.0, Culture=neutral, PublicKeyToken=b03f5f7f11d50a3a" className="MainTestProject.MainTestFile2, MainTestProject, Version=1.0.0.0, Culture=neutral, PublicKeyToken=null" name="shellSortTest1" />
    </UnitTest>
    <UnitTest name="shellSortTest3" storage="c:\users\administrator\documents\sorting program\maintestproject\bin\debug\maintestproject.dll" id="ef7c86c7-ccd6-a6d5-e4ca-9dba9be4656b">
      <DeploymentItems>
        <DeploymentItem filename="Sorting Program.exe" />
      </DeploymentItems>
      <Execution id="ffa09ef7-84de-41e2-ae55-efb8d3eb0a87" />
      <TestMethod codeBase="C:/Users/Administrator/Documents/Sorting Program/MainTestProject/bin/Debug/MainTestProject.DLL" adapterTypeName="Microsoft.VisualStudio.TestTools.TestTypes.Unit.UnitTestAdapter, Microsoft.VisualStudio.QualityTools.Tips.UnitTest.Adapter, Version=10.0.0.0, Culture=neutral, PublicKeyToken=b03f5f7f11d50a3a" className="MainTestProject.MainTestFile2, MainTestProject, Version=1.0.0.0, Culture=neutral, PublicKeyToken=null" name="shellSortTest3" />
    </UnitTest>
    <UnitTest name="insertionSortTest1" storage="c:\users\administrator\documents\sorting program\maintestproject\bin\debug\maintestproject.dll" id="4a624652-968e-c04f-4eb4-48c87e0d958c">
      <DeploymentItems>
        <DeploymentItem filename="Sorting Program.exe" />
      </DeploymentItems>
      <Execution id="49fb9a2c-c498-4e48-9922-6e4e7744a8bd" />
      <TestMethod codeBase="C:/Users/Administrator/Documents/Sorting Program/MainTestProject/bin/Debug/MainTestProject.DLL" adapterTypeName="Microsoft.VisualStudio.TestTools.TestTypes.Unit.UnitTestAdapter, Microsoft.VisualStudio.QualityTools.Tips.UnitTest.Adapter, Version=10.0.0.0, Culture=neutral, PublicKeyToken=b03f5f7f11d50a3a" className="MainTestProject.MainTestFile, MainTestProject, Version=1.0.0.0, Culture=neutral, PublicKeyToken=null" name="insertionSortTest1" />
    </UnitTest>
    <UnitTest name="shellSortTest2" storage="c:\users\administrator\documents\sorting program\maintestproject\bin\debug\maintestproject.dll" id="94e32281-a7ae-72f1-cc69-5c754b4c93d1">
      <DeploymentItems>
        <DeploymentItem filename="Sorting Program.exe" />
      </DeploymentItems>
      <Execution id="7b2f6b9a-d325-477c-8a5b-0d8e9dc15713" />
      <TestMethod codeBase="C:/Users/Administrator/Documents/Sorting Program/MainTestProject/bin/Debug/MainTestProject.DLL" adapterTypeName="Microsoft.VisualStudio.TestTools.TestTypes.Unit.UnitTestAdapter, Microsoft.VisualStudio.QualityTools.Tips.UnitTest.Adapter, Version=10.0.0.0, Culture=neutral, PublicKeyToken=b03f5f7f11d50a3a" className="MainTestProject.MainTestFile2, MainTestProject, Version=1.0.0.0, Culture=neutral, PublicKeyToken=null" name="shellSortTest2" />
    </UnitTest>
    <UnitTest name="insertionSortTest3" storage="c:\users\administrator\documents\sorting program\maintestproject\bin\debug\maintestproject.dll" id="0332e5f3-315c-8271-5e11-5e70bcadc891">
      <DeploymentItems>
        <DeploymentItem filename="Sorting Program.exe" />
      </DeploymentItems>
      <Execution id="473ba2e2-f527-44ea-8fca-d984428c7367" />
      <TestMethod codeBase="C:/Users/Administrator/Documents/Sorting Program/MainTestProject/bin/Debug/MainTestProject.DLL" adapterTypeName="Microsoft.VisualStudio.TestTools.TestTypes.Unit.UnitTestAdapter, Microsoft.VisualStudio.QualityTools.Tips.UnitTest.Adapter, Version=10.0.0.0, Culture=neutral, PublicKeyToken=b03f5f7f11d50a3a" className="MainTestProject.MainTestFile, MainTestProject, Version=1.0.0.0, Culture=neutral, PublicKeyToken=null" name="insertionSortTest3" />
    </UnitTest>
  </TestDefinitions>
  <TestLists>
    <TestList name="Results Not in a List" id="8c84fa94-04c1-424b-9868-57a2d4851a1d" />
    <TestList name="All Loaded Results" id="19431567-8539-422a-85d7-44ee4e166bda" />
  </TestLists>
  <TestEntries>
    <TestEntry testId="0332e5f3-315c-8271-5e11-5e70bcadc891" executionId="473ba2e2-f527-44ea-8fca-d984428c7367" testListId="8c84fa94-04c1-424b-9868-57a2d4851a1d" />
    <TestEntry testId="4a624652-968e-c04f-4eb4-48c87e0d958c" executionId="49fb9a2c-c498-4e48-9922-6e4e7744a8bd" testListId="8c84fa94-04c1-424b-9868-57a2d4851a1d" />
    <TestEntry testId="94e32281-a7ae-72f1-cc69-5c754b4c93d1" executionId="7b2f6b9a-d325-477c-8a5b-0d8e9dc15713" testListId="8c84fa94-04c1-424b-9868-57a2d4851a1d" />
    <TestEntry testId="967d92b9-3e8b-941d-13f5-a706bd3544a4" executionId="42006883-43d0-4a59-bc67-a1b4ccd65640" testListId="8c84fa94-04c1-424b-9868-57a2d4851a1d" />
    <TestEntry testId="96d07003-1426-0073-968d-16c58a3479a7" executionId="f6ab04a7-7084-47d1-bdf4-ab7f24370460" testListId="8c84fa94-04c1-424b-9868-57a2d4851a1d" />
    <TestEntry testId="ef7c86c7-ccd6-a6d5-e4ca-9dba9be4656b" executionId="ffa09ef7-84de-41e2-ae55-efb8d3eb0a87" testListId="8c84fa94-04c1-424b-9868-57a2d4851a1d" />
  </TestEntries>
  <Results>
    <UnitTestResult executionId="473ba2e2-f527-44ea-8fca-d984428c7367" testId="0332e5f3-315c-8271-5e11-5e70bcadc891" testName="insertionSortTest3" computerName="ISEC08" duration="00:00:00.0195375" startTime="2014-05-29T09:05:34.4450392-05:00" endTime="2014-05-29T09:05:34.6040483-05:00" testType="13cdc9d9-ddb5-4fa4-a97d-d965ccfc6d4b" outcome="Passed" testListId="8c84fa94-04c1-424b-9868-57a2d4851a1d" relativeResultsDirectory="473ba2e2-f527-44ea-8fca-d984428c7367">
    </UnitTestResult>
    <UnitTestResult executionId="49fb9a2c-c498-4e48-9922-6e4e7744a8bd" testId="4a624652-968e-c04f-4eb4-48c87e0d958c" testName="insertionSortTest1" computerName="ISEC08" duration="00:00:00.0015574" startTime="2014-05-29T09:05:34.6050483-05:00" endTime="2014-05-29T09:05:34.6080485-05:00" testType="13cdc9d9-ddb5-4fa4-a97d-d965ccfc6d4b" outcome="Passed" testListId="8c84fa94-04c1-424b-9868-57a2d4851a1d" relativeResultsDirectory="49fb9a2c-c498-4e48-9922-6e4e7744a8bd">
    </UnitTestResult>
    <UnitTestResult executionId="7b2f6b9a-d325-477c-8a5b-0d8e9dc15713" testId="94e32281-a7ae-72f1-cc69-5c754b4c93d1" testName="shellSortTest2" computerName="ISEC08" duration="00:00:00.0021223" startTime="2014-05-29T09:05:34.6090486-05:00" endTime="2014-05-29T09:05:34.6130488-05:00" testType="13cdc9d9-ddb5-4fa4-a97d-d965ccfc6d4b" outcome="Passed" testListId="8c84fa94-04c1-424b-9868-57a2d4851a1d" relativeResultsDirectory="7b2f6b9a-d325-477c-8a5b-0d8e9dc15713">
    </UnitTestResult>
    <UnitTestResult executionId="42006883-43d0-4a59-bc67-a1b4ccd65640" testId="967d92b9-3e8b-941d-13f5-a706bd3544a4" testName="shellSortTest1" computerName="ISEC08" duration="00:00:00.0014385" startTime="2014-05-29T09:05:34.6140489-05:00" endTime="2014-05-29T09:05:34.6170490-05:00" testType="13cdc9d9-ddb5-4fa4-a97d-d965ccfc6d4b" outcome="Passed" testListId="8c84fa94-04c1-424b-9868-57a2d4851a1d" relativeResultsDirectory="42006883-43d0-4a59-bc67-a1b4ccd65640">
    </UnitTestResult>
    <UnitTestResult executionId="f6ab04a7-7084-47d1-bdf4-ab7f24370460" testId="96d07003-1426-0073-968d-16c58a3479a7" testName="insertionSortTest2" computerName="ISEC08" duration="00:00:00.0014966" startTime="2014-05-29T09:05:34.6180491-05:00" endTime="2014-05-29T09:05:34.6220493-05:00" testType="13cdc9d9-ddb5-4fa4-a97d-d965ccfc6d4b" outcome="Passed" testListId="8c84fa94-04c1-424b-9868-57a2d4851a1d" relativeResultsDirectory="f6ab04a7-7084-47d1-bdf4-ab7f24370460">
    </UnitTestResult>
    <UnitTestResult executionId="ffa09ef7-84de-41e2-ae55-efb8d3eb0a87" testId="ef7c86c7-ccd6-a6d5-e4ca-9dba9be4656b" testName="shellSortTest3" computerName="ISEC08" duration="00:00:00.0014552" startTime="2014-05-29T09:05:34.6220493-05:00" endTime="2014-05-29T09:05:34.6260495-05:00" testType="13cdc9d9-ddb5-4fa4-a97d-d965ccfc6d4b" outcome="Passed" testListId="8c84fa94-04c1-424b-9868-57a2d4851a1d" relativeResultsDirectory="ffa09ef7-84de-41e2-ae55-efb8d3eb0a87">
    </UnitTestResult>
  </Results>
</TestRun>